Component: Arm Compiler for Embedded 6.22 Tool: armlink [5ee90200]

==============================================================================

Section Cross References

    project_step1.o(.text.main) refers to project_step1.o(.text.Timer0_Init) for Timer0_Init
    project_step1.o(.text.main) refers to project_step1.o(.text.GPIO_Init) for GPIO_Init
    project_step1.o(.text.main) refers to delay200.o(.text) for DELAY200
    project_step1.o(.text.main) refers to project_step1.o(.text.Timer_Init) for Timer_Init
    project_step1.o(.text.main) refers to project_step1.o(.text.Comparator_Init) for Comparator_Init
    project_step1.o(.text.main) refers to project_step1.o(.text.configure_pd6_output) for configure_pd6_output
    project_step1.o(.text.main) refers to rt_memclr.o(.text) for __aeabi_memclr
    project_step1.o(.text.main) refers to read.o(.text) for READ
    project_step1.o(.text.main) refers to project_step1.o(.bss.button1) for button1
    project_step1.o(.text.main) refers to project_step1.o(.bss.button2) for button2
    project_step1.o(.text.main) refers to project_step1.o(.bss.button3) for button3
    project_step1.o(.text.main) refers to project_step1.o(.bss.button4) for button4
    project_step1.o(.text.main) refers to project_step1.o(.bss.threshhold) for threshhold
    project_step1.o(.text.main) refers to f2d.o(x$fpl$f2d) for __aeabi_f2d
    project_step1.o(.text.main) refers to nokia5110.o(.text.let_there_be_tt) for let_there_be_tt
    project_step1.o(.text.main) refers to project_step1.o(.text.enter_deepSleep) for enter_deepSleep
    project_step1.o(.text.main) refers to project_step1.o(.text.configure_pd7_output) for configure_pd7_output
    project_step1.o(.text.main) refers to i2c0.o(.text.let_there_be_temp) for let_there_be_temp
    project_step1.o(.text.main) refers to delay100.o(.text) for DELAY100
    project_step1.o(.text.main) refers to checkpb6.o(.text) for CheckPB6
    project_step1.o(.text.main) refers to delay2s.o(.text) for DELAY2
    project_step1.o(.text.main) refers to project_step1.o(.text.Delay) for Delay
    project_step1.o(.text.main) refers to project_step1.o(.text.Step_Motor) for Step_Motor
    project_step1.o(.text.main) refers to project_step1.o(.text.Trigger_TrigPin) for Trigger_TrigPin
    project_step1.o(.text.main) refers to project_step1.o(.text.Measure_PulseWidth) for Measure_PulseWidth
    project_step1.o(.text.main) refers to project_step1.o(.rodata.str1.1) for .L.str
    project_step1.o(.text.main) refers to sprintf.o(.text) for sprintf
    project_step1.o(.text.main) refers to outstr.o(.text) for OutStr
    project_step1.o(.text.main) refers to nokia5110.o(.text.let_there_be_screen) for let_there_be_screen
    project_step1.o(.ARM.exidx.text.main) refers to project_step1.o(.text.main) for [Anonymous Symbol]
    project_step1.o(.ARM.exidx.text.Timer0_Init) refers to project_step1.o(.text.Timer0_Init) for [Anonymous Symbol]
    project_step1.o(.ARM.exidx.text.GPIO_Init) refers to project_step1.o(.text.GPIO_Init) for [Anonymous Symbol]
    project_step1.o(.ARM.exidx.text.Timer_Init) refers to project_step1.o(.text.Timer_Init) for [Anonymous Symbol]
    project_step1.o(.ARM.exidx.text.Comparator_Init) refers to project_step1.o(.text.Comparator_Init) for [Anonymous Symbol]
    project_step1.o(.ARM.exidx.text.configure_pd6_output) refers to project_step1.o(.text.configure_pd6_output) for [Anonymous Symbol]
    project_step1.o(.text.enter_deepSleep) refers to project_step1.o(.text.Comparator_Init) for Comparator_Init
    project_step1.o(.text.enter_deepSleep) refers to project_step1.o(.text.COMP0_Handler) for COMP0_Handler
    project_step1.o(.ARM.exidx.text.enter_deepSleep) refers to project_step1.o(.text.enter_deepSleep) for [Anonymous Symbol]
    project_step1.o(.ARM.exidx.text.configure_pd7_output) refers to project_step1.o(.text.configure_pd7_output) for [Anonymous Symbol]
    project_step1.o(.ARM.exidx.text.Delay) refers to project_step1.o(.text.Delay) for [Anonymous Symbol]
    project_step1.o(.ARM.exidx.text.Step_Motor) refers to project_step1.o(.text.Step_Motor) for [Anonymous Symbol]
    project_step1.o(.ARM.exidx.text.Trigger_TrigPin) refers to project_step1.o(.text.Trigger_TrigPin) for [Anonymous Symbol]
    project_step1.o(.ARM.exidx.text.Measure_PulseWidth) refers to project_step1.o(.text.Measure_PulseWidth) for [Anonymous Symbol]
    project_step1.o(.ARM.exidx.text.TIMER0A_Handler) refers to project_step1.o(.text.TIMER0A_Handler) for [Anonymous Symbol]
    project_step1.o(.ARM.exidx.text.COMP0_Handler) refers to project_step1.o(.text.COMP0_Handler) for [Anonymous Symbol]
    nokia5110.o(.text.Nokia5110_Init) refers to nokia5110.o(.text.lcdwrite) for lcdwrite
    nokia5110.o(.ARM.exidx.text.Nokia5110_Init) refers to nokia5110.o(.text.Nokia5110_Init) for [Anonymous Symbol]
    nokia5110.o(.ARM.exidx.text.lcdwrite) refers to nokia5110.o(.text.lcdwrite) for [Anonymous Symbol]
[...]
    .ARM.Collect$$libinit$$00000018          0x00000398   Section       10  libinit2.o(.ARM.Collect$$libinit$$00000018)
    .ARM.Collect$$libinit$$00000019          0x000003a2   Section        0  libinit2.o(.ARM.Collect$$libinit$$00000019)
    .ARM.Collect$$libinit$$0000001B          0x000003a2   Section        0  libinit2.o(.ARM.Collect$$libinit$$0000001B)
    .ARM.Collect$$libinit$$0000001D          0x000003a2   Section        0  libinit2.o(.ARM.Collect$$libinit$$0000001D)
    .ARM.Collect$$libinit$$0000001F          0x000003a2   Section        0  libinit2.o(.ARM.Collect$$libinit$$0000001F)
    .ARM.Collect$$libinit$$00000021          0x000003a2   Section        0  libinit2.o(.ARM.Collect$$libinit$$00000021)
    .ARM.Collect$$libinit$$00000023          0x000003a2   Section        0  libinit2.o(.ARM.Collect$$libinit$$00000023)
    .ARM.Collect$$libinit$$00000025          0x000003a2   Section        0  libinit2.o(.ARM.Collect$$libinit$$00000025)
    .ARM.Collect$$libinit$$00000027          0x000003a2   Section        0  libinit2.o(.ARM.Collect$$libinit$$00000027)
    .ARM.Collect$$libinit$$0000002E          0x000003a2   Section        0  libinit2.o(.ARM.Collect$$libinit$$0000002E)
    .ARM.Collect$$libinit$$00000030          0x000003a2   Section        0  libinit2.o(.ARM.Collect$$libinit$$00000030)
    .ARM.Collect$$libinit$$00000032          0x000003a2   Section        0  libinit2.o(.ARM.Collect$$libinit$$00000032)
    .ARM.Collect$$libinit$$00000034          0x000003a2   Section        0  libinit2.o(.ARM.Collect$$libinit$$00000034)
    .ARM.Collect$$libinit$$00000035          0x000003a2   Section        2  libinit2.o(.ARM.Collect$$libinit$$00000035)
    .ARM.Collect$$libshutdown$$00000000      0x000003a4   Section        2  libshutdown.o(.ARM.Collect$$libshutdown$$00000000)
    .ARM.Collect$$libshutdown$$00000002      0x000003a6   Section        0  libshutdown2.o(.ARM.Collect$$libshutdown$$00000002)
    .ARM.Collect$$libshutdown$$00000004      0x000003a6   Section        0  libshutdown2.o(.ARM.Collect$$libshutdown$$00000004)
    .ARM.Collect$$libshutdown$$00000007      0x000003a6   Section        0  libshutdown2.o(.ARM.Collect$$libshutdown$$00000007)
    .ARM.Collect$$libshutdown$$0000000A      0x000003a6   Section        0  libshutdown2.o(.ARM.Collect$$libshutdown$$0000000A)
    .ARM.Collect$$libshutdown$$0000000C      0x000003a6   Section        0  libshutdown2.o(.ARM.Collect$$libshutdown$$0000000C)
    .ARM.Collect$$libshutdown$$0000000F      0x000003a6   Section        0  libshutdown2.o(.ARM.Collect$$libshutdown$$0000000F)
    .ARM.Collect$$libshutdown$$00000010      0x000003a6   Section        2  libshutdown2.o(.ARM.Collect$$libshutdown$$00000010)
    .ARM.Collect$$rtentry$$00000000          0x000003a8   Section        0  __rtentry.o(.ARM.Collect$$rtentry$$00000000)
    .ARM.Collect$$rtentry$$00000002          0x000003a8   Section        0  __rtentry2.o(.ARM.Collect$$rtentry$$00000002)
    .ARM.Collect$$rtentry$$00000004          0x000003a8   Section        6  __rtentry4.o(.ARM.Collect$$rtentry$$00000004)
    .ARM.Collect$$rtentry$$00000009          0x000003ae   Section        0  __rtentry2.o(.ARM.Collect$$rtentry$$00000009)
    .ARM.Collect$$rtentry$$0000000A          0x000003ae   Section        4  __rtentry2.o(.ARM.Collect$$rtentry$$0000000A)
    .ARM.Collect$$rtentry$$0000000C          0x000003b2   Section        0  __rtentry2.o(.ARM.Collect$$rtentry$$0000000C)
    .ARM.Collect$$rtentry$$0000000D          0x000003b2   Section        8  __rtentry2.o(.ARM.Collect$$rtentry$$0000000D)
    .ARM.Collect$$rtexit$$00000000           0x000003ba   Section        2  rtexit.o(.ARM.Collect$$rtexit$$00000000)
    .ARM.Collect$$rtexit$$00000002           0x000003bc   Section        0  rtexit2.o(.ARM.Collect$$rtexit$$00000002)
    .ARM.Collect$$rtexit$$00000003           0x000003bc   Section        4  rtexit2.o(.ARM.Collect$$rtexit$$00000003)
    .ARM.Collect$$rtexit$$00000004           0x000003c0   Section        6  rtexit2.o(.ARM.Collect$$rtexit$$00000004)
    $v0                                      0x000003c8   Number         0  delay200.o(.text)
    .text                                    0x000003c8   Section       24  delay200.o(.text)
    $v0                                      0x000003e0   Number         0  outstr.o(.text)
    .text                                    0x000003e0   Section      236  outstr.o(.text)
    $v0                                      0x000004cc   Number         0  checkpb6.o(.text)
    .text                                    0x000004cc   Section       20  checkpb6.o(.text)
    $v0                                      0x000004e0   Number         0  delay100.o(.text)
    .text                                    0x000004e0   Section       24  delay100.o(.text)
    $v0                                      0x000004f8   Number         0  read.o(.text)
    .text                                    0x000004f8   Section      440  read.o(.text)
    $v0                                      0x000006b0   Number         0  delay2s.o(.text)
    .text                                    0x000006b0   Section       24  delay2s.o(.text)
    $v0                                      0x000006c8   Number         0  startup_tm4c123.o(.text)
    .text                                    0x000006c8   Section      276  startup_tm4c123.o(.text)
    .text                                    0x000007dc   Section        0  sprintf.o(.text)
    .text                                    0x00000808   Section       68  rt_memclr.o(.text)
    .text                                    0x0000084c   Section        0  heapauxi.o(.text)
    .text                                    0x00000852   Section        0  _printf_pad.o(.text)
    .text                                    0x000008a0   Section        0  _printf_truncate.o(.text)
    .text                                    0x000008c4   Section        0  _printf_str.o(.text)
    .text                                    0x00000918   Section        0  _printf_dec.o(.text)
    .text                                    0x00000990   Section        0  _printf_charcount.o(.text)
    _printf_input_char                       0x000009b9   Thumb Code    10  _printf_char_common.o(.text)
    .text                                    0x000009b8   Section        0  _printf_char_common.o(.text)
    .text                                    0x000009e8   Section        0  _sputc.o(.text)
    .text                                    0x000009f4   Section        0  _printf_wctomb.o(.text)
    .text                                    0x00000ab0   Section        0  _printf_longlong_dec.o(.text)
    _printf_longlong_oct_internal            0x00000b2d   Thumb Code     0  _printf_oct_int_ll.o(.text)
    .text                                    0x00000b2c   Section        0  _printf_oct_int_ll.o(.text)
    _printf_hex_common                       0x00000b9d   Thumb Code     0  _printf_hex_int_ll_ptr.o(.text)
    .text                                    0x00000b9c   Section        0  _printf_hex_int_ll_ptr.o(.text)
    .text                                    0x00000c30   Section        0  __printf_flags_ss_wp.o(.text)
    .text                                    0x00000db8   Section       78  rt_memclr_w.o(.text)
    .text                                    0x00000e06   Section      138  lludiv10.o(.text)
    .text                                    0x00000e90   Section        0  _printf_intcommon.o(.text)
    _fp_digits                               0x00000f43   Thumb Code   432  _printf_fp_dec.o(.text)
    .text                                    0x00000f42   Section        0  _printf_fp_dec.o(.text)
    .text                                    0x00001360   Section        0  _printf_fp_hex.o(.text)
    .text                                    0x0000165c   Section        0  _printf_char.o(.text)
    .text                                    0x00001688   Section        0  _printf_wchar.o(.text)
    .text                                    0x000016b4   Section        0  _c16rtomb.o(.text)
    .text                                    0x000016fc   Section       74  sys_stackheap_outer.o(.text)
    .text                                    0x00001748   Section       16  rt_ctype_table.o(.text)
    .text                                    0x00001758   Section        8  rt_locale_intlibspace.o(.text)
    .text                                    0x00001760   Section        0  _printf_fp_infnan.o(.text)
    .text                                    0x000017e0   Section        0  bigflt0.o(.text)
    .text                                    0x000018c4   Section        0  exit.o(.text)
    .text                                    0x000018d8   Section        8  libspace.o(.text)
    .text                                    0x000018e0   Section      124  strcmpv7em.o(.text)
    .text                                    0x0000195c   Section        0  sys_exit.o(.text)
    .text                                    0x00001968   Section        2  use_no_semi.o(.text)
    .text                                    0x0000196a   Section        0  indicate_semi.o(.text)
    [Anonymous Symbol]                       0x0000196c   Section        0  project_step1.o(.text.COMP0_Handler)
    [Anonymous Symbol]                       0x0000197c   Section        0  project_step1.o(.text.Comparator_Init)
    [Anonymous Symbol]                       0x00001a60   Section        0  project_step1.o(.text.Delay)
    [Anonymous Symbol]                       0x00001a80   Section        0  project_step1.o(.text.GPIO_Init)
    [Anonymous Symbol]                       0x00001c08   Section        0  i2c0.o(.text.I2C_Init)
    [Anonymous Symbol]                       0x00001ca8   Section        0  i2c0.o(.text.I2C_Recv)
    [Anonymous Symbol]                       0x00001d3c   Section        0  i2c0.o(.text.I2C_Recv2)
    [Anonymous Symbol]                       0x00001e08   Section        0  i2c0.o(.text.I2C_Send1)
    [Anonymous Symbol]                       0x00001e74   Section        0  i2c0.o(.text.I2C_Send2)
    [Anonymous Symbol]                       0x00001f38   Section        0  project_step1.o(.text.Measure_PulseWidth)
    [Anonymous Symbol]                       0x00001fb4   Section        0  nokia5110.o(.text.Nokia5110_Clear)
    [Anonymous Symbol]                       0x00001fe4   Section        0  nokia5110.o(.text.Nokia5110_Init)
    [Anonymous Symbol]                       0x00002144   Section        0  nokia5110.o(.text.Nokia5110_OutChar)
    [Anonymous Symbol]                       0x00002194   Section        0  nokia5110.o(.text.Nokia5110_OutString)
    [Anonymous Symbol]                       0x000021b8   Section        0  nokia5110.o(.text.Nokia5110_OutUDec)
    [Anonymous Symbol]                       0x000023e0   Section        0  nokia5110.o(.text.Nokia5110_SetCursor)
    [Anonymous Symbol]                       0x0000242c   Section        0  project_step1.o(.text.Step_Motor)
    [Anonymous Symbol]                       0x00002590   Section        0  system_tm4c123.o(.text.SystemInit)
    [Anonymous Symbol]                       0x000025a4   Section        0  project_step1.o(.text.TIMER0A_Handler)
    [Anonymous Symbol]                       0x000025b0   Section        0  project_step1.o(.text.Timer0_Init)
    [Anonymous Symbol]                       0x00002638   Section        0  project_step1.o(.text.Timer_Init)
    [Anonymous Symbol]                       0x00002694   Section        0  project_step1.o(.text.Trigger_TrigPin)
    [Anonymous Symbol]                       0x00002704   Section        0  i2c0.o(.text.compensate_temperature)
    [Anonymous Symbol]                       0x0000275c   Section        0  i2c0.o(.text.configure_bmp280)
    [Anonymous Symbol]                       0x00002784   Section        0  project_step1.o(.text.configure_pd6_output)
    [Anonymous Symbol]                       0x000027f4   Section        0  project_step1.o(.text.configure_pd7_output)
    [Anonymous Symbol]                       0x00002864   Section        0  project_step1.o(.text.enter_deepSleep)
    lcddatawrite                             0x000028ad   Thumb Code    58  nokia5110.o(.text.lcddatawrite)
    [Anonymous Symbol]                       0x000028ac   Section        0  nokia5110.o(.text.lcddatawrite)
    lcdwrite                                 0x000028e9   Thumb Code   144  nokia5110.o(.text.lcdwrite)
    [Anonymous Symbol]                       0x000028e8   Section        0  nokia5110.o(.text.lcdwrite)
    [Anonymous Symbol]                       0x00002978   Section        0  nokia5110.o(.text.let_there_be_screen)
    [Anonymous Symbol]                       0x00002cc8   Section        0  i2c0.o(.text.let_there_be_temp)
    [Anonymous Symbol]                       0x00002de8   Section        0  nokia5110.o(.text.let_there_be_tt)
    [Anonymous Symbol]                       0x00002e90   Section        0  project_step1.o(.text.main)
    CL$$btod_d2e                             0x000035c0   Section       62  btod.o(CL$$btod_d2e)
    CL$$btod_d2e_denorm_low                  0x000035fe   Section       70  btod.o(CL$$btod_d2e_denorm_low)
    CL$$btod_d2e_norm_op1                    0x00003644   Section       96  btod.o(CL$$btod_d2e_norm_op1)
    CL$$btod_div_common                      0x000036a4   Section      824  btod.o(CL$$btod_div_common)
    CL$$btod_e2e                             0x000039dc   Section      220  btod.o(CL$$btod_e2e)
    CL$$btod_ediv                            0x00003ab8   Section       42  btod.o(CL$$btod_ediv)
    CL$$btod_emul                            0x00003ae2   Section       42  btod.o(CL$$btod_emul)
    CL$$btod_mult_common                     0x00003b0c   Section      580  btod.o(CL$$btod_mult_common)
    i.__ARM_fpclassify                       0x00003d50   Section        0  fpclassify.o(i.__ARM_fpclassify)
    i._is_digit                              0x00003d80   Section        0  __printf_wp.o(i._is_digit)
    locale$$code                             0x00003d90   Section       44  lc_numeric_c.o(locale$$code)
    locale$$code                             0x00003dbc   Section       44  lc_ctype_c.o(locale$$code)
    $v0                                      0x00003de8   Number         0  daddsub_clz.o(x$fpl$dadd)
    x$fpl$dadd                               0x00003de8   Section      336  daddsub_clz.o(x$fpl$dadd)
    _dadd1                                   0x00003df9   Thumb Code     0  daddsub_clz.o(x$fpl$dadd)
    $v0                                      0x00003f38   Number         0  dfix.o(x$fpl$dfix)
    x$fpl$dfix                               0x00003f38   Section       94  dfix.o(x$fpl$dfix)
    $v0                                      0x00003f96   Number         0  dflt_clz.o(x$fpl$dflt)
    x$fpl$dflt                               0x00003f96   Section       46  dflt_clz.o(x$fpl$dflt)
    $v0                                      0x00003fc4   Number         0  dmul.o(x$fpl$dmul)
    x$fpl$dmul                               0x00003fc4   Section      340  dmul.o(x$fpl$dmul)
    $v0                                      0x00004118   Number         0  dnaninf.o(x$fpl$dnaninf)
    x$fpl$dnaninf                            0x00004118   Section      156  dnaninf.o(x$fpl$dnaninf)
    $v0                                      0x000041b4   Number         0  dretinf.o(x$fpl$dretinf)
    x$fpl$dretinf                            0x000041b4   Section       12  dretinf.o(x$fpl$dretinf)
    $v0                                      0x000041c0   Number         0  daddsub_clz.o(x$fpl$dsub)
    x$fpl$dsub                               0x000041c0   Section      476  daddsub_clz.o(x$fpl$dsub)
    _dsub1                                   0x000041d1   Thumb Code     0  daddsub_clz.o(x$fpl$dsub)
    $v0                                      0x0000439c   Number         0  f2d.o(x$fpl$f2d)
    x$fpl$f2d                                0x0000439c   Section       86  f2d.o(x$fpl$f2d)
    $v0                                      0x000043f2   Number         0  fnaninf.o(x$fpl$fnaninf)
    x$fpl$fnaninf                            0x000043f2   Section      140  fnaninf.o(x$fpl$fnaninf)
    $v0                                      0x0000447e   Number         0  fpinit.o(x$fpl$fpinit)
    x$fpl$fpinit                             0x0000447e   Section       26  fpinit.o(x$fpl$fpinit)
    $v0                                      0x00004498   Number         0  printf1.o(x$fpl$printf1)
    x$fpl$printf1                            0x00004498   Section        4  printf1.o(x$fpl$printf1)
    $v0                                      0x0000449c   Number         0  printf2.o(x$fpl$printf2)
    x$fpl$printf2                            0x0000449c   Section        4  printf2.o(x$fpl$printf2)
    initial_mbstate                          0x000044a0   Data           8  _printf_wctomb.o(.constdata)
    .constdata                               0x000044a0   Section        8  _printf_wctomb.o(.constdata)
    x$fpl$usenofp                            0x000044a0   Section        0  usenofp.o(x$fpl$usenofp)
    uc_hextab                                0x000044a8   Data          20  _printf_hex_int_ll_ptr.o(.constdata)
    .constdata                               0x000044a8   Section       40  _printf_hex_int_ll_ptr.o(.constdata)
    lc_hextab                                0x000044bc   Data          20  _printf_hex_int_ll_ptr.o(.constdata)
    maptable                                 0x000044d0   Data          17  __printf_flags_ss_wp.o(.constdata)
    .constdata                               0x000044d0   Section       17  __printf_flags_ss_wp.o(.constdata)
    lc_hextab                                0x000044e1   Data          19  _printf_fp_hex.o(.constdata)
    .constdata                               0x000044e1   Section       38  _printf_fp_hex.o(.constdata)
    uc_hextab                                0x000044f4   Data          19  _printf_fp_hex.o(.constdata)
    tenpwrs_x                                0x00004508   Data          60  bigflt0.o(.constdata)
    .constdata                               0x00004508   Section      148  bigflt0.o(.constdata)
    tenpwrs_i                                0x00004544   Data          64  bigflt0.o(.constdata)
    ASCII                                    0x0000459c   Data         480  nokia5110.o(.rodata.ASCII)
    [Anonymous Symbol]                       0x0000459c   Section        0  nokia5110.o(.rodata.ASCII)
    .L.str.1                                 0x0000477c   Data          24  project_step1.o(.rodata.str1.1)
    [Anonymous Symbol]                       0x0000477c   Section        0  project_step1.o(.rodata.str1.1)
    .L.str.2                                 0x00004794   Data          32  project_step1.o(.rodata.str1.1)
    .L.str                                   0x000047b4   Data          29  project_step1.o(.rodata.str1.1)
    .L.str.2                                 0x000047d1   Data           2  nokia5110.o(.rodata.str1.1)
    [Anonymous Symbol]                       0x000047d1   Section        0  nokia5110.o(.rodata.str1.1)
    .L.str.6                                 0x000047d3   Data           6  nokia5110.o(.rodata.str1.1)
    .L.str.7                                 0x000047d7   Data           2  nokia5110.o(.rodata.str1.1)
    .L.str.1                                 0x000047d9   Data           2  nokia5110.o(.rodata.str1.1)
    .L.str.5                                 0x000047db   Data           3  nokia5110.o(.rodata.str1.1)
    .L.str.4                                 0x000047de   Data           5  nokia5110.o(.rodata.str1.1)
    .L.str                                   0x000047e3   Data           4  nokia5110.o(.rodata.str1.1)
    .L.str.3                                 0x000047e4   Data           3  nokia5110.o(.rodata.str1.1)
    .L.str.8                                 0x000047e7   Data           2  nokia5110.o(.rodata.str1.1)
    locale$$data                             0x000047fc   Section       28  lc_numeric_c.o(locale$$data)
    __lcnum_c_name                           0x00004800   Data           2  lc_numeric_c.o(locale$$data)
    __lcnum_c_start                          0x00004808   Data           0  lc_numeric_c.o(locale$$data)
    __lcnum_c_point                          0x00004814   Data           0  lc_numeric_c.o(locale$$data)
    __lcnum_c_thousands                      0x00004816   Data           0  lc_numeric_c.o(locale$$data)
    __lcnum_c_grouping                       0x00004817   Data           0  lc_numeric_c.o(locale$$data)
    __lcnum_c_end                            0x00004818   Data           0  lc_numeric_c.o(locale$$data)
    locale$$data                             0x00004818   Section      272  lc_ctype_c.o(locale$$data)
    __lcctype_c_name                         0x0000481c   Data           2  lc_ctype_c.o(locale$$data)
    __lcctype_c_start                        0x00004824   Data           0  lc_ctype_c.o(locale$$data)
    __lcctype_c_end                          0x00004928   Data           0  lc_ctype_c.o(locale$$data)
    .bss                                     0x20000000   Section       96  libspace.o(.bss)
    Heap_Mem                                 0x20000268   Data           0  startup_tm4c123.o(HEAP)
    Stack_Mem                                0x20000268   Data         512  startup_tm4c123.o(STACK)
    HEAP                                     0x20000268   Section        0  startup_tm4c123.o(HEAP)
    STACK                                    0x20000268   Section      512  startup_tm4c123.o(STACK)
    __initial_sp                             0x20000468   Data           0  startup_tm4c123.o(STACK)

    Global Symbols

    Symbol Name                              Value     Ov Type        Size  Object(Section)

    BuildAttributes$$THM_ISAv4$E$P$D$K$B$S$7EM$VFPi3$EXTD16$VFPS$VFMA$PE$A:L22UL41UL21$X:L11$S22US41US21$IEEE1$IW$~IW$USESV6$~STKCKD$USESV7$~SHL$OTIME$ROPI$IEEEJ$EBA8$UX$STANDARDLIB$REQ8$EABIv2 0x00000000   Number         0  anon$$obj.o ABSOLUTE
    __Vectors                                0x00000000   Data           4  startup_tm4c123.o(RESET)
    _printf_flags                            0x00000000   Number         0  printf_stubs.o ABSOLUTE
    _printf_return_value                     0x00000000   Number         0  printf_stubs.o ABSOLUTE
    _printf_sizespec                         0x00000000   Number         0  printf_stubs.o ABSOLUTE
    _printf_widthprec                        0x00000000   Number         0  printf_stubs.o ABSOLUTE
    __ARM_exceptions_init                     - Undefined Weak Reference
    __alloca_initialize                       - Undefined Weak Reference
    __arm_preinit_                            - Undefined Weak Reference
    __arm_relocate_pie_                       - Undefined Weak Reference
    __cpp_initialize__aeabi_                  - Undefined Weak Reference
    __cxa_finalize                            - Undefined Weak Reference
    __sigvec_lookup                           - Undefined Weak Reference
    _atexit_init                              - Undefined Weak Reference
    _call_atexit_fns                          - Undefined Weak Reference
    _clock_init                               - Undefined Weak Reference
    _fp_trap_init                             - Undefined Weak Reference
    _fp_trap_shutdown                         - Undefined Weak Reference
    _get_lc_collate                           - Undefined Weak Reference
    _get_lc_monetary                          - Undefined Weak Reference
    _get_lc_time                              - Undefined Weak Reference
    _getenv_init                              - Undefined Weak Reference
    _handle_redirection                       - Undefined Weak Reference
    _init_alloc                               - Undefined Weak Reference
    _init_user_alloc                          - Undefined Weak Reference
    _initio                                   - Undefined Weak Reference
    _printf_mbtowc                            - Undefined Weak Reference
    _printf_wc                                - Undefined Weak Reference
    _rand_init                                - Undefined Weak Reference
    _signal_finish                            - Undefined Weak Reference
    _signal_init                              - Undefined Weak Reference
    _terminate_alloc                          - Undefined Weak Reference
    _terminate_user_alloc                     - Undefined Weak Reference
    _terminateio                              - Undefined Weak Reference
    __Vectors_End                            0x0000026c   Data           0  startup_tm4c123.o(RESET)
    __Vectors_Size                           0x0000026c   Number         0  startup_tm4c123.o ABSOLUTE
    __main                                   0x0000026d   Thumb Code     8  __main.o(!!!main)
    __scatterload                            0x00000275   Thumb Code     0  __scatter.o(!!!scatter)
    __scatterload_rt2                        0x00000275   Thumb Code    84  __scatter.o(!!!scatter)
    __scatterload_rt2_thumb_only             0x00000275   Thumb Code     0  __scatter.o(!!!scatter)
    __scatterload_loop                       0x0000027f   Thumb Code     0  __scatter.o(!!!scatter)
    __scatterload_null                       0x000002d1   Thumb Code     2  __scatter.o(!!handler_null)
    __scatterload_zeroinit                   0x000002d5   Thumb Code    28  __scatter_zi.o(!!handler_zi)
    _printf_n                                0x000002f1   Thumb Code     0  _printf_n.o(.ARM.Collect$$_printf_percent$$00000001)
    _printf_percent                          0x000002f1   Thumb Code     0  _printf_percent.o(.ARM.Collect$$_printf_percent$$00000000)
    _printf_p                                0x000002f7   Thumb Code     0  _printf_p.o(.ARM.Collect$$_printf_percent$$00000002)
    _printf_f                                0x000002fd   Thumb Code     0  _printf_f.o(.ARM.Collect$$_printf_percent$$00000003)
    _printf_e                                0x00000303   Thumb Code     0  _printf_e.o(.ARM.Collect$$_printf_percent$$00000004)
    _printf_g                                0x00000309   Thumb Code     0  _printf_g.o(.ARM.Collect$$_printf_percent$$00000005)
    _printf_a                                0x0000030f   Thumb Code     0  _printf_a.o(.ARM.Collect$$_printf_percent$$00000006)
    _printf_ll                               0x00000315   Thumb Code     0  _printf_ll.o(.ARM.Collect$$_printf_percent$$00000007)
    _printf_i                                0x0000031f   Thumb Code     0  _printf_i.o(.ARM.Collect$$_printf_percent$$00000008)
    _printf_d                                0x00000325   Thumb Code     0  _printf_d.o(.ARM.Collect$$_printf_percent$$00000009)
    _printf_u                                0x0000032b   Thumb Code     0  _printf_u.o(.ARM.Collect$$_printf_percent$$0000000A)
    _printf_o                                0x00000331   Thumb Code     0  _printf_o.o(.ARM.Collect$$_printf_percent$$0000000B)
    _printf_x                                0x00000337   Thumb Code     0  _printf_x.o(.ARM.Collect$$_printf_percent$$0000000C)
    _printf_lli                              0x0000033d   Thumb Code     0  _printf_lli.o(.ARM.Collect$$_printf_percent$$0000000D)
    _printf_lld                              0x00000343   Thumb Code     0  _printf_lld.o(.ARM.Collect$$_printf_percent$$0000000E)
    _printf_llu                              0x00000349   Thumb Code     0  _printf_llu.o(.ARM.Collect$$_printf_percent$$0000000F)
    _printf_llo                              0x0000034f   Thumb Code     0  _printf_llo.o(.ARM.Collect$$_printf_percent$$00000010)
    _printf_llx                              0x00000355   Thumb Code     0  _printf_llx.o(.ARM.Collect$$_printf_percent$$00000011)
    _printf_l                                0x0000035b   Thumb Code     0  _printf_l.o(.ARM.Collect$$_printf_percent$$00000012)
    _printf_c                                0x00000365   Thumb Code     0  _printf_c.o(.ARM.Collect$$_printf_percent$$00000013)
    _printf_s                                0x0000036b   Thumb Code     0  _printf_s.o(.ARM.Collect$$_printf_percent$$00000014)
    _printf_lc                               0x00000371   Thumb Code     0  _printf_lc.o(.ARM.Collect$$_printf_percent$$00000015)
    _printf_ls                               0x00000377   Thumb Code     0  _printf_ls.o(.ARM.Collect$$_printf_percent$$00000016)
    _printf_percent_end                      0x0000037d   Thumb Code     0  _printf_percent_end.o(.ARM.Collect$$_printf_percent$$00000017)
    __rt_lib_init                            0x00000381   Thumb Code     0  libinit.o(.ARM.Collect$$libinit$$00000000)
    __rt_lib_init_fp_1                       0x00000383   Thumb Code     0  libinit2.o(.ARM.Collect$$libinit$$00000001)
    __rt_lib_init_heap_1                     0x00000387   Thumb Code     0  libinit2.o(.ARM.Collect$$libinit$$0000000C)
    __rt_lib_init_lc_common                  0x00000387   Thumb Code     0  libinit2.o(.ARM.Collect$$libinit$$00000011)
    __rt_lib_init_preinit_1                  0x00000387   Thumb Code     0  libinit2.o(.ARM.Collect$$libinit$$00000006)
    __rt_lib_init_rand_1                     0x00000387   Thumb Code     0  libinit2.o(.ARM.Collect$$libinit$$00000010)
    __rt_lib_init_relocate_pie_1             0x00000387   Thumb Code     0  libinit2.o(.ARM.Collect$$libinit$$00000004)
    __rt_lib_init_user_alloc_1               0x00000387   Thumb Code     0  libinit2.o(.ARM.Collect$$libinit$$0000000E)
    __rt_lib_init_lc_collate_1               0x0000038d   Thumb Code     0  libinit2.o(.ARM.Collect$$libinit$$00000013)
    __rt_lib_init_lc_ctype_2                 0x0000038d   Thumb Code     0  libinit2.o(.ARM.Collect$$libinit$$00000014)
    __rt_lib_init_lc_ctype_1                 0x00000399   Thumb Code     0  libinit2.o(.ARM.Collect$$libinit$$00000015)
    __rt_lib_init_lc_monetary_1              0x00000399   Thumb Code     0  libinit2.o(.ARM.Collect$$libinit$$00000017)
    __rt_lib_init_lc_numeric_2               0x00000399   Thumb Code     0  libinit2.o(.ARM.Collect$$libinit$$00000018)
    __rt_lib_init_alloca_1                   0x000003a3   Thumb Code     0  libinit2.o(.ARM.Collect$$libinit$$00000030)
    __rt_lib_init_argv_1                     0x000003a3   Thumb Code     0  libinit2.o(.ARM.Collect$$libinit$$0000002E)
    __rt_lib_init_atexit_1                   0x000003a3   Thumb Code     0  libinit2.o(.ARM.Collect$$libinit$$0000001D)
    __rt_lib_init_clock_1                    0x000003a3   Thumb Code     0  libinit2.o(.ARM.Collect$$libinit$$00000023)
    __rt_lib_init_cpp_1                      0x000003a3   Thumb Code     0  libinit2.o(.ARM.Collect$$libinit$$00000034)
    __rt_lib_init_exceptions_1               0x000003a3   Thumb Code     0  libinit2.o(.ARM.Collect$$libinit$$00000032)
    __rt_lib_init_fp_trap_1                  0x000003a3   Thumb Code     0  libinit2.o(.ARM.Collect$$libinit$$00000021)
    __rt_lib_init_getenv_1                   0x000003a3   Thumb Code     0  libinit2.o(.ARM.Collect$$libinit$$00000025)
    __rt_lib_init_lc_numeric_1               0x000003a3   Thumb Code     0  libinit2.o(.ARM.Collect$$libinit$$00000019)
    __rt_lib_init_lc_time_1                  0x000003a3   Thumb Code     0  libinit2.o(.ARM.Collect$$libinit$$0000001B)
    __rt_lib_init_return                     0x000003a3   Thumb Code     0  libinit2.o(.ARM.Collect$$libinit$$00000035)
    __rt_lib_init_signal_1                   0x000003a3   Thumb Code     0  libinit2.o(.ARM.Collect$$libinit$$0000001F)
    __rt_lib_init_stdio_1                    0x000003a3   Thumb Code     0  libinit2.o(.ARM.Collect$$libinit$$00000027)
    __rt_lib_shutdown                        0x000003a5   Thumb Code     0  libshutdown.o(.ARM.Collect$$libshutdown$$00000000)
    __rt_lib_shutdown_cpp_1                  0x000003a7   Thumb Code     0  libshutdown2.o(.ARM.Collect$$libshutdown$$00000002)
    __rt_lib_shutdown_fp_trap_1              0x000003a7   Thumb Code     0  libshutdown2.o(.ARM.Collect$$libshutdown$$00000007)
    __rt_lib_shutdown_heap_1                 0x000003a7   Thumb Code     0  libshutdown2.o(.ARM.Collect$$libshutdown$$0000000F)
    __rt_lib_shutdown_return                 0x000003a7   Thumb Code     0  libshutdown2.o(.ARM.Collect$$libshutdown$$00000010)
    __rt_lib_shutdown_signal_1               0x000003a7   Thumb Code     0  libshutdown2.o(.ARM.Collect$$libshutdown$$0000000A)
    __rt_lib_shutdown_stdio_1                0x000003a7   Thumb Code     0  libshutdown2.o(.ARM.Collect$$libshutdown$$00000004)
    __rt_lib_shutdown_user_alloc_1           0x000003a7   Thumb Code     0  libshutdown2.o(.ARM.Collect$$libshutdown$$0000000C)
    __rt_entry                               0x000003a9   Thumb Code     0  __rtentry.o(.ARM.Collect$$rtentry$$00000000)
    __rt_entry_presh_1                       0x000003a9   Thumb Code     0  __rtentry2.o(.ARM.Collect$$rtentry$$00000002)
    __rt_entry_sh                            0x000003a9   Thumb Code     0  __rtentry4.o(.ARM.Collect$$rtentry$$00000004)
    __rt_entry_li                            0x000003af   Thumb Code     0  __rtentry2.o(.ARM.Collect$$rtentry$$0000000A)
    __rt_entry_postsh_1                      0x000003af   Thumb Code     0  __rtentry2.o(.ARM.Collect$$rtentry$$00000009)
    __rt_entry_main                          0x000003b3   Thumb Code     0  __rtentry2.o(.ARM.Collect$$rtentry$$0000000D)
    __rt_entry_postli_1                      0x000003b3   Thumb Code     0  __rtentry2.o(.ARM.Collect$$rtentry$$0000000C)
    __rt_exit                                0x000003bb   Thumb Code     0  rtexit.o(.ARM.Collect$$rtexit$$00000000)
    __rt_exit_ls                             0x000003bd   Thumb Code     0  rtexit2.o(.ARM.Collect$$rtexit$$00000003)
    __rt_exit_prels_1                        0x000003bd   Thumb Code     0  rtexit2.o(.ARM.Collect$$rtexit$$00000002)
    __rt_exit_exit                           0x000003c1   Thumb Code     0  rtexit2.o(.ARM.Collect$$rtexit$$00000004)
    DELAY200                                 0x000003c9   Thumb Code     0  delay200.o(.text)
    OutStr                                   0x000003e1   Thumb Code     0  outstr.o(.text)
    CheckPB6                                 0x000004cd   Thumb Code     0  checkpb6.o(.text)
    DELAY100                                 0x000004e1   Thumb Code     0  delay100.o(.text)
    READ                                     0x000004f9   Thumb Code     0  read.o(.text)
    DELAY2                                   0x000006b1   Thumb Code     0  delay2s.o(.text)
    Reset_Handler                            0x000006c9   Thumb Code     8  startup_tm4c123.o(.text)
    NMI_Handler                              0x000006d1   Thumb Code     2  startup_tm4c123.o(.text)
    HardFault_Handler                        0x000006d3   Thumb Code     2  startup_tm4c123.o(.text)
    MemManage_Handler                        0x000006d5   Thumb Code     2  startup_tm4c123.o(.text)
    BusFault_Handler                         0x000006d7   Thumb Code     2  startup_tm4c123.o(.text)
    UsageFault_Handler                       0x000006d9   Thumb Code     2  startup_tm4c123.o(.text)
    SVC_Handler                              0x000006db   Thumb Code     2  startup_tm4c123.o(.text)
    DebugMon_Handler                         0x000006dd   Thumb Code     2  startup_tm4c123.o(.text)
    PendSV_Handler                           0x000006df   Thumb Code     2  startup_tm4c123.o(.text)
    SysTick_Handler                          0x000006e1   Thumb Code     2  startup_tm4c123.o(.text)
    GPIOA_Handler                            0x000006e3   Thumb Code     2  startup_tm4c123.o(.text)
    GPIOB_Handler                            0x000006e5   Thumb Code     2  startup_tm4c123.o(.text)
    GPIOC_Handler                            0x000006e7   Thumb Code     2  startup_tm4c123.o(.text)
    GPIOD_Handler                            0x000006e9   Thumb Code     2  startup_tm4c123.o(.text)
    GPIOE_Handler                            0x000006eb   Thumb Code     2  startup_tm4c123.o(.text)
    UART0_Handler                            0x000006ed   Thumb Code     2  startup_tm4c123.o(.text)
    UART1_Handler                            0x000006ef   Thumb Code     2  startup_tm4c123.o(.text)
    SSI0_Handler                             0x000006f1   Thumb Code     2  startup_tm4c123.o(.text)
    I2C0_Handler                             0x000006f3   Thumb Code     2  startup_tm4c123.o(.text)
    PMW0_FAULT_Handler                       0x000006f5   Thumb Code     2  startup_tm4c123.o(.text)
    PWM0_0_Handler                           0x000006f7   Thumb Code     2  startup_tm4c123.o(.text)
    PWM0_1_Handler                           0x000006f9   Thumb Code     2  startup_tm4c123.o(.text)
    PWM0_2_Handler                           0x000006fb   Thumb Code     2  startup_tm4c123.o(.text)
    QEI0_Handler                             0x000006fd   Thumb Code     2  startup_tm4c123.o(.text)
    ADC0SS0_Handler                          0x000006ff   Thumb Code     2  startup_tm4c123.o(.text)
    ADC0SS1_Handler                          0x00000701   Thumb Code     2  startup_tm4c123.o(.text)
    ADC0SS2_Handler                          0x00000703   Thumb Code     2  startup_tm4c123.o(.text)
    ADC0SS3_Handler                          0x00000705   Thumb Code     2  startup_tm4c123.o(.text)
    WDT0_Handler                             0x00000707   Thumb Code     2  startup_tm4c123.o(.text)
    TIMER0B_Handler                          0x0000070b   Thumb Code     2  startup_tm4c123.o(.text)
    TIMER1A_Handler                          0x0000070d   Thumb Code     2  startup_tm4c123.o(.text)
    TIMER1B_Handler                          0x0000070f   Thumb Code     2  startup_tm4c123.o(.text)
    TIMER2A_Handler                          0x00000711   Thumb Code     2  startup_tm4c123.o(.text)
    TIMER2B_Handler                          0x00000713   Thumb Code     2  startup_tm4c123.o(.text)
    COMP1_Handler                            0x00000717   Thumb Code     2  startup_tm4c123.o(.text)
    COMP2_Handler                            0x00000719   Thumb Code     2  startup_tm4c123.o(.text)
    SYSCTL_Handler                           0x0000071b   Thumb Code     2  startup_tm4c123.o(.text)
    FLASH_Handler                            0x0000071d   Thumb Code     2  startup_tm4c123.o(.text)
    GPIOF_Handler                            0x0000071f   Thumb Code     2  startup_tm4c123.o(.text)
    GPIOG_Handler                            0x00000721   Thumb Code     2  startup_tm4c123.o(.text)
    GPIOH_Handler                            0x00000723   Thumb Code     2  startup_tm4c123.o(.text)
    UART2_Handler                            0x00000725   Thumb Code     2  startup_tm4c123.o(.text)
    SSI1_Handler                             0x00000727   Thumb Code     2  startup_tm4c123.o(.text)
    TIMER3A_Handler                          0x00000729   Thumb Code     2  startup_tm4c123.o(.text)
    TIMER3B_Handler                          0x0000072b   Thumb Code     2  startup_tm4c123.o(.text)
    I2C1_Handler                             0x0000072d   Thumb Code     2  startup_tm4c123.o(.text)
    QEI1_Handler                             0x0000072f   Thumb Code     2  startup_tm4c123.o(.text)
    CAN0_Handler                             0x00000731   Thumb Code     2  startup_tm4c123.o(.text)
    CAN1_Handler                             0x00000733   Thumb Code     2  startup_tm4c123.o(.text)
    CAN2_Handler                             0x00000735   Thumb Code     2  startup_tm4c123.o(.text)
    HIB_Handler                              0x00000737   Thumb Code     2  startup_tm4c123.o(.text)
    USB0_Handler                             0x00000739   Thumb Code     2  startup_tm4c123.o(.text)
    PWM0_3_Handler                           0x0000073b   Thumb Code     2  startup_tm4c123.o(.text)
    UDMA_Handler                             0x0000073d   Thumb Code     2  startup_tm4c123.o(.text)
    UDMAERR_Handler                          0x0000073f   Thumb Code     2  startup_tm4c123.o(.text)
    ADC1SS0_Handler                          0x00000741   Thumb Code     2  startup_tm4c123.o(.text)
    ADC1SS1_Handler                          0x00000743   Thumb Code     2  startup_tm4c123.o(.text)
    ADC1SS2_Handler                          0x00000745   Thumb Code     2  startup_tm4c123.o(.text)
    ADC1SS3_Handler                          0x00000747   Thumb Code     2  startup_tm4c123.o(.text)
    GPIOJ_Handler                            0x00000749   Thumb Code     2  startup_tm4c123.o(.text)
    GPIOK_Handler                            0x0000074b   Thumb Code     2  startup_tm4c123.o(.text)
    GPIOL_Handler                            0x0000074d   Thumb Code     2  startup_tm4c123.o(.text)
    SSI2_Handler                             0x0000074f   Thumb Code     2  startup_tm4c123.o(.text)
    SSI3_Handler                             0x00000751   Thumb Code     2  startup_tm4c123.o(.text)
    UART3_Handler                            0x00000753   Thumb Code     2  startup_tm4c123.o(.text)
    UART4_Handler                            0x00000755   Thumb Code     2  startup_tm4c123.o(.text)
    UART5_Handler                            0x00000757   Thumb Code     2  startup_tm4c123.o(.text)
    UART6_Handler                            0x00000759   Thumb Code     2  startup_tm4c123.o(.text)
    UART7_Handler                            0x0000075b   Thumb Code     2  startup_tm4c123.o(.text)
    I2C2_Handler                             0x0000075d   Thumb Code     2  startup_tm4c123.o(.text)
    I2C3_Handler                             0x0000075f   Thumb Code     2  startup_tm4c123.o(.text)
    TIMER4A_Handler                          0x00000761   Thumb Code     2  startup_tm4c123.o(.text)
    TIMER4B_Handler                          0x00000763   Thumb Code     2  startup_tm4c123.o(.text)
    TIMER5A_Handler                          0x00000765   Thumb Code     2  startup_tm4c123.o(.text)
    TIMER5B_Handler                          0x00000767   Thumb Code     2  startup_tm4c123.o(.text)
    WTIMER0A_Handler                         0x00000769   Thumb Code     2  startup_tm4c123.o(.text)
    WTIMER0B_Handler                         0x0000076b   Thumb Code     2  startup_tm4c123.o(.text)
    WTIMER1A_Handler                         0x0000076d   Thumb Code     2  startup_tm4c123.o(.text)
    WTIMER1B_Handler                         0x0000076f   Thumb Code     2  startup_tm4c123.o(.text)
    WTIMER2A_Handler                         0x00000771   Thumb Code     2  startup_tm4c123.o(.text)
    WTIMER2B_Handler                         0x00000773   Thumb Code     2  startup_tm4c123.o(.text)
    WTIMER3A_Handler                         0x00000775   Thumb Code     2  startup_tm4c123.o(.text)
    WTIMER3B_Handler                         0x00000777   Thumb Code     2  startup_tm4c123.o(.text)
    WTIMER4A_Handler                         0x00000779   Thumb Code     2  startup_tm4c123.o(.text)
    WTIMER4B_Handler                         0x0000077b   Thumb Code     2  startup_tm4c123.o(.text)
    WTIMER5A_Handler                         0x0000077d   Thumb Code     2  startup_tm4c123.o(.text)
    WTIMER5B_Handler                         0x0000077f   Thumb Code     2  startup_tm4c123.o(.text)
    FPU_Handler                              0x00000781   Thumb Code     2  startup_tm4c123.o(.text)
    I2C4_Handler                             0x00000783   Thumb Code     2  startup_tm4c123.o(.text)
    I2C5_Handler                             0x00000785   Thumb Code     2  startup_tm4c123.o(.text)
    GPIOM_Handler                            0x00000787   Thumb Code     2  startup_tm4c123.o(.text)
    GPION_Handler                            0x00000789   Thumb Code     2  startup_tm4c123.o(.text)
    QEI2_Handler                             0x0000078b   Thumb Code     2  startup_tm4c123.o(.text)
    GPIOP0_Handler                           0x0000078d   Thumb Code     2  startup_tm4c123.o(.text)
    GPIOP1_Handler                           0x0000078f   Thumb Code     2  startup_tm4c123.o(.text)
    GPIOP2_Handler                           0x00000791   Thumb Code     2  startup_tm4c123.o(.text)
    GPIOP3_Handler                           0x00000793   Thumb Code     2  startup_tm4c123.o(.text)
    GPIOP4_Handler                           0x00000795   Thumb Code     2  startup_tm4c123.o(.text)
    GPIOP5_Handler                           0x00000797   Thumb Code     2  startup_tm4c123.o(.text)
    GPIOP6_Handler                           0x00000799   Thumb Code     2  startup_tm4c123.o(.text)
    GPIOP7_Handler                           0x0000079b   Thumb Code     2  startup_tm4c123.o(.text)
    GPIOQ0_Handler                           0x0000079d   Thumb Code     2  startup_tm4c123.o(.text)
    GPIOQ1_Handler                           0x0000079f   Thumb Code     2  startup_tm4c123.o(.text)
    GPIOQ2_Handler                           0x000007a1   Thumb Code     2  startup_tm4c123.o(.text)
    GPIOQ3_Handler                           0x000007a3   Thumb Code     2  startup_tm4c123.o(.text)
    GPIOQ4_Handler                           0x000007a5   Thumb Code     2  startup_tm4c123.o(.text)
    GPIOQ5_Handler                           0x000007a7   Thumb Code     2  startup_tm4c123.o(.text)
    GPIOQ6_Handler                           0x000007a9   Thumb Code     2  startup_tm4c123.o(.text)
    GPIOQ7_Handler                           0x000007ab   Thumb Code     2  startup_tm4c123.o(.text)
    GPIOR_Handler                            0x000007ad   Thumb Code     2  startup_tm4c123.o(.text)
    GPIOS_Handler                            0x000007af   Thumb Code     2  startup_tm4c123.o(.text)
    PMW1_0_Handler                           0x000007b1   Thumb Code     2  startup_tm4c123.o(.text)
    PWM1_1_Handler                           0x000007b3   Thumb Code     2  startup_tm4c123.o(.text)
    PWM1_2_Handler                           0x000007b5   Thumb Code     2  startup_tm4c123.o(.text)
    PWM1_3_Handler                           0x000007b7   Thumb Code     2  startup_tm4c123.o(.text)
    PWM1_FAULT_Handler                       0x000007b9   Thumb Code     2  startup_tm4c123.o(.text)
    __user_initial_stackheap                 0x000007bd   Thumb Code     0  startup_tm4c123.o(.text)
    sprintf                                  0x000007dd   Thumb Code    38  sprintf.o(.text)
    __aeabi_memclr                           0x00000809   Thumb Code     0  rt_memclr.o(.text)
    __rt_memclr                              0x00000809   Thumb Code     0  rt_memclr.o(.text)
    _memset                                  0x0000080d   Thumb Code    64  rt_memclr.o(.text)
    __use_two_region_memory                  0x0000084d   Thumb Code     2  heapauxi.o(.text)
    __rt_heap_escrow$2region                 0x0000084f   Thumb Code     2  heapauxi.o(.text)
    __rt_heap_expand$2region                 0x00000851   Thumb Code     2  heapauxi.o(.text)
    _printf_pre_padding                      0x00000853   Thumb Code    44  _printf_pad.o(.text)
    _printf_post_padding                     0x0000087f   Thumb Code    34  _printf_pad.o(.text)
    _printf_truncate_signed                  0x000008a1   Thumb Code    18  _printf_truncate.o(.text)
    _printf_truncate_unsigned                0x000008b3   Thumb Code    18  _printf_truncate.o(.text)
    _printf_str                              0x000008c5   Thumb Code    82  _printf_str.o(.text)
    _printf_int_dec                          0x00000919   Thumb Code   104  _printf_dec.o(.text)
    _printf_charcount                        0x00000991   Thumb Code    40  _printf_charcount.o(.text)
    _printf_char_common                      0x000009c3   Thumb Code    32  _printf_char_common.o(.text)
    _sputc                                   0x000009e9   Thumb Code    10  _sputc.o(.text)
    _printf_wctomb                           0x000009f5   Thumb Code   182  _printf_wctomb.o(.text)
    _printf_longlong_dec                     0x00000ab1   Thumb Code   108  _printf_longlong_dec.o(.text)
    _printf_longlong_oct                     0x00000b2d   Thumb Code    68  _printf_oct_int_ll.o(.text)
    _printf_int_oct                          0x00000b71   Thumb Code    24  _printf_oct_int_ll.o(.text)
    _printf_ll_oct                           0x00000b89   Thumb Code    12  _printf_oct_int_ll.o(.text)
    _printf_longlong_hex                     0x00000b9d   Thumb Code    86  _printf_hex_int_ll_ptr.o(.text)
    _printf_int_hex                          0x00000bf3   Thumb Code    28  _printf_hex_int_ll_ptr.o(.text)
    _printf_ll_hex                           0x00000c0f   Thumb Code    12  _printf_hex_int_ll_ptr.o(.text)
    _printf_hex_ptr                          0x00000c1b   Thumb Code    18  _printf_hex_int_ll_ptr.o(.text)
    __printf                                 0x00000c31   Thumb Code   388  __printf_flags_ss_wp.o(.text)
    __aeabi_memclr4                          0x00000db9   Thumb Code     0  rt_memclr_w.o(.text)
    __aeabi_memclr8                          0x00000db9   Thumb Code     0  rt_memclr_w.o(.text)
    __rt_memclr_w                            0x00000db9   Thumb Code     0  rt_memclr_w.o(.text)
    _memset_w                                0x00000dbd   Thumb Code    74  rt_memclr_w.o(.text)
    _ll_udiv10                               0x00000e07   Thumb Code   138  lludiv10.o(.text)
    _printf_int_common                       0x00000e91   Thumb Code   178  _printf_intcommon.o(.text)
    _printf_fp_dec_real                      0x000010f3   Thumb Code   620  _printf_fp_dec.o(.text)
    _printf_fp_hex_real                      0x00001361   Thumb Code   756  _printf_fp_hex.o(.text)
    _printf_cs_common                        0x0000165d   Thumb Code    20  _printf_char.o(.text)
    _printf_char                             0x00001671   Thumb Code    16  _printf_char.o(.text)
    _printf_string                           0x00001681   Thumb Code     8  _printf_char.o(.text)
    _printf_lcs_common                       0x00001689   Thumb Code    20  _printf_wchar.o(.text)
    _printf_wchar                            0x0000169d   Thumb Code    16  _printf_wchar.o(.text)
    _printf_wstring                          0x000016ad   Thumb Code     8  _printf_wchar.o(.text)
    _c16rtomb                                0x000016b5   Thumb Code    72  _c16rtomb.o(.text)
    _wcrtomb                                 0x000016b5   Thumb Code     0  _c16rtomb.o(.text)
    __user_setup_stackheap                   0x000016fd   Thumb Code    74  sys_stackheap_outer.o(.text)
    __rt_ctype_table                         0x00001749   Thumb Code    16  rt_ctype_table.o(.text)
    __rt_locale                              0x00001759   Thumb Code     8  rt_locale_intlibspace.o(.text)
    _printf_fp_infnan                        0x00001761   Thumb Code   112  _printf_fp_infnan.o(.text)
    _btod_etento                             0x000017e1   Thumb Code   224  bigflt0.o(.text)
    exit                                     0x000018c5   Thumb Code    18  exit.o(.text)
    __user_libspace                          0x000018d9   Thumb Code     8  libspace.o(.text)
    __user_perproc_libspace                  0x000018d9   Thumb Code     0  libspace.o(.text)
    __user_perthread_libspace                0x000018d9   Thumb Code     0  libspace.o(.text)
    strcmp                                   0x000018e1   Thumb Code   124  strcmpv7em.o(.text)
    _sys_exit                                0x0000195d   Thumb Code     8  sys_exit.o(.text)
    __I$use$semihosting                      0x00001969   Thumb Code     0  use_no_semi.o(.text)
    __use_no_semihosting_swi                 0x00001969   Thumb Code     2  use_no_semi.o(.text)
    __semihosting_library_function           0x0000196b   Thumb Code     0  indicate_semi.o(.text)
    COMP0_Handler                            0x0000196d   Thumb Code    14  project_step1.o(.text.COMP0_Handler)
    Comparator_Init                          0x0000197d   Thumb Code   228  project_step1.o(.text.Comparator_Init)
    Delay                                    0x00001a61   Thumb Code    32  project_step1.o(.text.Delay)
    GPIO_Init                                0x00001a81   Thumb Code   392  project_step1.o(.text.GPIO_Init)
    I2C_Init                                 0x00001c09   Thumb Code   158  i2c0.o(.text.I2C_Init)
    I2C_Recv                                 0x00001ca9   Thumb Code   148  i2c0.o(.text.I2C_Recv)
    I2C_Recv2                                0x00001d3d   Thumb Code   202  i2c0.o(.text.I2C_Recv2)
    I2C_Send1                                0x00001e09   Thumb Code   108  i2c0.o(.text.I2C_Send1)
    I2C_Send2                                0x00001e75   Thumb Code   194  i2c0.o(.text.I2C_Send2)
    Measure_PulseWidth                       0x00001f39   Thumb Code   124  project_step1.o(.text.Measure_PulseWidth)
    Nokia5110_Clear                          0x00001fb5   Thumb Code    48  nokia5110.o(.text.Nokia5110_Clear)
    Nokia5110_Init                           0x00001fe5   Thumb Code   352  nokia5110.o(.text.Nokia5110_Init)
    Nokia5110_OutChar                        0x00002145   Thumb Code    80  nokia5110.o(.text.Nokia5110_OutChar)
    Nokia5110_OutString                      0x00002195   Thumb Code    36  nokia5110.o(.text.Nokia5110_OutString)
    Nokia5110_OutUDec                        0x000021b9   Thumb Code   552  nokia5110.o(.text.Nokia5110_OutUDec)
    Nokia5110_SetCursor                      0x000023e1   Thumb Code    76  nokia5110.o(.text.Nokia5110_SetCursor)
    Step_Motor                               0x0000242d   Thumb Code   354  project_step1.o(.text.Step_Motor)
    SystemInit                               0x00002591   Thumb Code    18  system_tm4c123.o(.text.SystemInit)
    TIMER0A_Handler                          0x000025a5   Thumb Code    12  project_step1.o(.text.TIMER0A_Handler)
    Timer0_Init                              0x000025b1   Thumb Code   134  project_step1.o(.text.Timer0_Init)
    Timer_Init                               0x00002639   Thumb Code    92  project_step1.o(.text.Timer_Init)
    Trigger_TrigPin                          0x00002695   Thumb Code   110  project_step1.o(.text.Trigger_TrigPin)
    compensate_temperature                   0x00002705   Thumb Code    88  i2c0.o(.text.compensate_temperature)
    configure_bmp280                         0x0000275d   Thumb Code    40  i2c0.o(.text.configure_bmp280)
    configure_pd6_output                     0x00002785   Thumb Code   110  project_step1.o(.text.configure_pd6_output)
    configure_pd7_output                     0x000027f5   Thumb Code   110  project_step1.o(.text.configure_pd7_output)
    enter_deepSleep                          0x00002865   Thumb Code    70  project_step1.o(.text.enter_deepSleep)
    let_there_be_screen                      0x00002979   Thumb Code   840  nokia5110.o(.text.let_there_be_screen)
    let_there_be_temp                        0x00002cc9   Thumb Code   286  i2c0.o(.text.let_there_be_temp)
    let_there_be_tt                          0x00002de9   Thumb Code   160  nokia5110.o(.text.let_there_be_tt)
    main                                     0x00002e91   Thumb Code  1836  project_step1.o(.text.main)
    _btod_d2e                                0x000035c1   Thumb Code    62  btod.o(CL$$btod_d2e)
    _d2e_denorm_low                          0x000035ff   Thumb Code    70  btod.o(CL$$btod_d2e_denorm_low)
    _d2e_norm_op1                            0x00003645   Thumb Code    96  btod.o(CL$$btod_d2e_norm_op1)
    __btod_div_common                        0x000036a5   Thumb Code   696  btod.o(CL$$btod_div_common)
    _e2e                                     0x000039dd   Thumb Code   220  btod.o(CL$$btod_e2e)
    _btod_ediv                               0x00003ab9   Thumb Code    42  btod.o(CL$$btod_ediv)
    _btod_emul                               0x00003ae3   Thumb Code    42  btod.o(CL$$btod_emul)
    __btod_mult_common                       0x00003b0d   Thumb Code   580  btod.o(CL$$btod_mult_common)
    __ARM_fpclassify                         0x00003d51   Thumb Code    48  fpclassify.o(i.__ARM_fpclassify)
    _is_digit                                0x00003d81   Thumb Code    14  __printf_wp.o(i._is_digit)
    _get_lc_numeric                          0x00003d91   Thumb Code    44  lc_numeric_c.o(locale$$code)
    _get_lc_ctype                            0x00003dbd   Thumb Code    44  lc_ctype_c.o(locale$$code)
    __aeabi_dadd                             0x00003de9   Thumb Code     0  daddsub_clz.o(x$fpl$dadd)
    _dadd                                    0x00003de9   Thumb Code   332  daddsub_clz.o(x$fpl$dadd)
    __aeabi_d2iz                             0x00003f39   Thumb Code     0  dfix.o(x$fpl$dfix)
    _dfix                                    0x00003f39   Thumb Code    94  dfix.o(x$fpl$dfix)
    __aeabi_i2d                              0x00003f97   Thumb Code     0  dflt_clz.o(x$fpl$dflt)
    _dflt                                    0x00003f97   Thumb Code    46  dflt_clz.o(x$fpl$dflt)
    __aeabi_dmul                             0x00003fc5   Thumb Code     0  dmul.o(x$fpl$dmul)
    _dmul                                    0x00003fc5   Thumb Code   332  dmul.o(x$fpl$dmul)
    __fpl_dnaninf                            0x00004119   Thumb Code   156  dnaninf.o(x$fpl$dnaninf)
    __fpl_dretinf                            0x000041b5   Thumb Code    12  dretinf.o(x$fpl$dretinf)
    __aeabi_dsub                             0x000041c1   Thumb Code     0  daddsub_clz.o(x$fpl$dsub)
    _dsub                                    0x000041c1   Thumb Code   472  daddsub_clz.o(x$fpl$dsub)
    __aeabi_f2d                              0x0000439d   Thumb Code     0  f2d.o(x$fpl$f2d)
    _f2d                                     0x0000439d   Thumb Code    86  f2d.o(x$fpl$f2d)
    __fpl_fnaninf                            0x000043f3   Thumb Code   140  fnaninf.o(x$fpl$fnaninf)
    _fp_init                                 0x0000447f   Thumb Code    26  fpinit.o(x$fpl$fpinit)
    __fplib_config_fpu_vfp                   0x00004497   Thumb Code     0  fpinit.o(x$fpl$fpinit)
    __fplib_config_pureend_doubles           0x00004497   Thumb Code     0  fpinit.o(x$fpl$fpinit)
    _printf_fp_dec                           0x00004499   Thumb Code     4  printf1.o(x$fpl$printf1)
    _printf_fp_hex                           0x0000449d   Thumb Code     4  printf2.o(x$fpl$printf2)
    __I$use$fp                               0x000044a0   Number         0  usenofp.o(x$fpl$usenofp)
    Region$$Table$$Base                      0x000047ec   Number         0  anon$$obj.o(Region$$Table)
    Region$$Table$$Limit                     0x000047fc   Number         0  anon$$obj.o(Region$$Table)
    __ctype                                  0x00004825   Data           0  lc_ctype_c.o(locale$$data)
    __libspace_start                         0x20000000   Data          96  libspace.o(.bss)
    __temporary_stack_top$libspace           0x20000060   Data           0  libspace.o(.bss)
    button1                                  0x20000060   Data           1  project_step1.o(.bss.button1)
    button2                                  0x20000061   Data           1  project_step1.o(.bss.button2)
    button3                                  0x20000062   Data           1  project_step1.o(.bss.button3)
    button4                                  0x20000063   Data           1  project_step1.o(.bss.button4)
    temperatures                             0x20000064   Data         512  i2c0.o(.bss.temperatures)
    threshhold                               0x20000264   Data           4  project_step1.o(.bss.threshhold)



==============================================================================

Memory Map of the image

  Image Entry point : 0x000006c9

  Load Region LR_1 (Base: 0x00000000, Size: 0x00004928, Max: 0xffffffff, ABSOLUTE)

    Execution Region ER_RO (Exec base: 0x00000000, Load base: 0x00000000, Size: 0x00004928, Max: 0xffffffff, ABSOLUTE)

    Exec Addr    Load Addr    Size         Type   Attr      Idx    E Section Name        Object

    0x00000000   0x00000000   0x0000026c   Data   RO          136    RESET               startup_tm4c123.o
    0x0000026c   0x0000026c   0x00000008   Code   RO          163  * !!!main             c_w.l(__main.o)
    0x00000274   0x00000274   0x0000005c   Code   RO          528    !!!scatter          c_w.l(__scatter.o)
    0x000002d0   0x000002d0   0x00000002   Code   RO          529    !!handler_null      c_w.l(__scatter.o)
    0x000002d2   0x000002d2   0x00000002   PAD
    0x000002d4   0x000002d4   0x0000001c   Code   RO          532    !!handler_zi        c_w.l(__scatter_zi.o)
    0x000002f0   0x000002f0   0x00000000   Code   RO          267    .ARM.Collect$$_printf_percent$$00000000  c_w.l(_printf_percent.o)
    0x000002f0   0x000002f0   0x00000006   Code   RO          256    .ARM.Collect$$_printf_percent$$00000001  c_w.l(_printf_n.o)
    0x000002f6   0x000002f6   0x00000006   Code   RO          258    .ARM.Collect$$_printf_percent$$00000002  c_w.l(_printf_p.o)
    0x000002fc   0x000002fc   0x00000006   Code   RO          263    .ARM.Collect$$_printf_percent$$00000003  c_w.l(_printf_f.o)
    0x00000302   0x00000302   0x00000006   Code   RO          264    .ARM.Collect$$_printf_percent$$00000004  c_w.l(_printf_e.o)
    0x00000308   0x00000308   0x00000006   Code   RO          265    .ARM.Collect$$_printf_percent$$00000005  c_w.l(_printf_g.o)
    0x0000030e   0x0000030e   0x00000006   Code   RO          266    .ARM.Collect$$_printf_percent$$00000006  c_w.l(_printf_a.o)
    0x00000314   0x00000314   0x0000000a   Code   RO          271    .ARM.Collect$$_printf_percent$$00000007  c_w.l(_printf_ll.o)
    0x0000031e   0x0000031e   0x00000006   Code   RO          260    .ARM.Collect$$_printf_percent$$00000008  c_w.l(_printf_i.o)
    0x00000324   0x00000324   0x00000006   Code   RO          261    .ARM.Collect$$_printf_percent$$00000009  c_w.l(_printf_d.o)
    0x0000032a   0x0000032a   0x00000006   Code   RO          262    .ARM.Collect$$_printf_percent$$0000000A  c_w.l(_printf_u.o)
    0x00000330   0x00000330   0x00000006   Code   RO          259    .ARM.Collect$$_printf_percent$$0000000B  c_w.l(_printf_o.o)
    0x00000336   0x00000336   0x00000006   Code   RO          257    .ARM.Collect$$_printf_percent$$0000000C  c_w.l(_printf_x.o)
    0x0000033c   0x0000033c   0x00000006   Code   RO          268    .ARM.Collect$$_printf_percent$$0000000D  c_w.l(_printf_lli.o)
    0x00000342   0x00000342   0x00000006   Code   RO          269    .ARM.Collect$$_printf_percent$$0000000E  c_w.l(_printf_lld.o)
    0x00000348   0x00000348   0x00000006   Code   RO          270    .ARM.Collect$$_printf_percent$$0000000F  c_w.l(_printf_llu.o)
    0x0000034e   0x0000034e   0x00000006   Code   RO          275    .ARM.Collect$$_printf_percent$$00000010  c_w.l(_printf_llo.o)
    0x00000354   0x00000354   0x00000006   Code   RO          276    .ARM.Collect$$_printf_percent$$00000011  c_w.l(_printf_llx.o)
    0x0000035a   0x0000035a   0x0000000a   Code   RO          272    .ARM.Collect$$_printf_percent$$00000012  c_w.l(_printf_l.o)
    0x00000364   0x00000364   0x00000006   Code   RO          254    .ARM.Collect$$_printf_percent$$00000013  c_w.l(_printf_c.o)
    0x0000036a   0x0000036a   0x00000006   Code   RO          255    .ARM.Collect$$_printf_percent$$00000014  c_w.l(_printf_s.o)
    0x00000370   0x00000370   0x00000006   Code   RO          273    .ARM.Collect$$_printf_percent$$00000015  c_w.l(_printf_lc.o)
    0x00000376   0x00000376   0x00000006   Code   RO          274    .ARM.Collect$$_printf_percent$$00000016  c_w.l(_printf_ls.o)
    0x0000037c   0x0000037c   0x00000004   Code   RO          326    .ARM.Collect$$_printf_percent$$00000017  c_w.l(_printf_percent_end.o)
    0x00000380   0x00000380   0x00000002   Code   RO          377    .ARM.Collect$$libinit$$00000000  c_w.l(libinit.o)
    0x00000382   0x00000382   0x00000004   Code   RO          394    .ARM.Collect$$libinit$$00000001  c_w.l(libinit2.o)
    0x00000386   0x00000386   0x00000000   Code   RO          397    .ARM.Collect$$libinit$$00000004  c_w.l(libinit2.o)
    0x00000386   0x00000386   0x00000000   Code   RO          399    .ARM.Collect$$libinit$$00000006  c_w.l(libinit2.o)
    0x00000386   0x00000386   0x00000000   Code   RO          402    .ARM.Collect$$libinit$$0000000C  c_w.l(libinit2.o)
    0x00000386   0x00000386   0x00000000   Code   RO          404    .ARM.Collect$$libinit$$0000000E  c_w.l(libinit2.o)
    0x00000386   0x00000386   0x00000000   Code   RO          406    .ARM.Collect$$libinit$$00000010  c_w.l(libinit2.o)
    0x00000386   0x00000386   0x00000006   Code   RO          407    .ARM.Collect$$libinit$$00000011  c_w.l(libinit2.o)
    0x0000038c   0x0000038c   0x00000000   Code   RO          409    .ARM.Collect$$libinit$$00000013  c_w.l(libinit2.o)
    0x0000038c   0x0000038c   0x0000000c   Code   RO          410    .ARM.Collect$$libinit$$00000014  c_w.l(libinit2.o)
    0x00000398   0x00000398   0x00000000   Code   RO          411    .ARM.Collect$$libinit$$00000015  c_w.l(libinit2.o)
    0x00000398   0x00000398   0x00000000   Code   RO          413    .ARM.Collect$$libinit$$00000017  c_w.l(libinit2.o)
    0x00000398   0x00000398   0x0000000a   Code   RO          414    .ARM.Collect$$libinit$$00000018  c_w.l(libinit2.o)
    0x000003a2   0x000003a2   0x00000000   Code   RO          415    .ARM.Collect$$libinit$$00000019  c_w.l(libinit2.o)
    0x000003a2   0x000003a2   0x00000000   Code   RO          417    .ARM.Collect$$libinit$$0000001B  c_w.l(libinit2.o)
    0x000003a2   0x000003a2   0x00000000   Code   RO          419    .ARM.Collect$$libinit$$0000001D  c_w.l(libinit2.o)
    0x000003a2   0x000003a2   0x00000000   Code   RO          421    .ARM.Collect$$libinit$$0000001F  c_w.l(libinit2.o)
    0x000003a2   0x000003a2   0x00000000   Code   RO          423    .ARM.Collect$$libinit$$00000021  c_w.l(libinit2.o)
    0x000003a2   0x000003a2   0x00000000   Code   RO          425    .ARM.Collect$$libinit$$00000023  c_w.l(libinit2.o)
    0x000003a2   0x000003a2   0x00000000   Code   RO          427    .ARM.Collect$$libinit$$00000025  c_w.l(libinit2.o)
    0x000003a2   0x000003a2   0x00000000   Code   RO          429    .ARM.Collect$$libinit$$00000027  c_w.l(libinit2.o)
    0x000003a2   0x000003a2   0x00000000   Code   RO          433    .ARM.Collect$$libinit$$0000002E  c_w.l(libinit2.o)
    0x000003a2   0x000003a2   0x00000000   Code   RO          435    .ARM.Collect$$libinit$$00000030  c_w.l(libinit2.o)
    0x000003a2   0x000003a2   0x00000000   Code   RO          437    .ARM.Collect$$libinit$$00000032  c_w.l(libinit2.o)
    0x000003a2   0x000003a2   0x00000000   Code   RO          439    .ARM.Collect$$libinit$$00000034  c_w.l(libinit2.o)
    0x000003a2   0x000003a2   0x00000002   Code   RO          440    .ARM.Collect$$libinit$$00000035  c_w.l(libinit2.o)
    0x000003a4   0x000003a4   0x00000002   Code   RO          464    .ARM.Collect$$libshutdown$$00000000  c_w.l(libshutdown.o)
    0x000003a6   0x000003a6   0x00000000   Code   RO          479    .ARM.Collect$$libshutdown$$00000002  c_w.l(libshutdown2.o)
    0x000003a6   0x000003a6   0x00000000   Code   RO          481    .ARM.Collect$$libshutdown$$00000004  c_w.l(libshutdown2.o)
    0x000003a6   0x000003a6   0x00000000   Code   RO          484    .ARM.Collect$$libshutdown$$00000007  c_w.l(libshutdown2.o)
    0x000003a6   0x000003a6   0x00000000   Code   RO          487    .ARM.Collect$$libshutdown$$0000000A  c_w.l(libshutdown2.o)
    0x000003a6   0x000003a6   0x00000000   Code   RO          489    .ARM.Collect$$libshutdown$$0000000C  c_w.l(libshutdown2.o)
    0x000003a6   0x000003a6   0x00000000   Code   RO          492    .ARM.Collect$$libshutdown$$0000000F  c_w.l(libshutdown2.o)
    0x000003a6   0x000003a6   0x00000002   Code   RO          493    .ARM.Collect$$libshutdown$$00000010  c_w.l(libshutdown2.o)
    0x000003a8   0x000003a8   0x00000000   Code   RO          185    .ARM.Collect$$rtentry$$00000000  c_w.l(__rtentry.o)
    0x000003a8   0x000003a8   0x00000000   Code   RO          295    .ARM.Collect$$rtentry$$00000002  c_w.l(__rtentry2.o)
    0x000003a8   0x000003a8   0x00000006   Code   RO          307    .ARM.Collect$$rtentry$$00000004  c_w.l(__rtentry4.o)
    0x000003ae   0x000003ae   0x00000000   Code   RO          297    .ARM.Collect$$rtentry$$00000009  c_w.l(__rtentry2.o)
    0x000003ae   0x000003ae   0x00000004   Code   RO          298    .ARM.Collect$$rtentry$$0000000A  c_w.l(__rtentry2.o)
    0x000003b2   0x000003b2   0x00000000   Code   RO          300    .ARM.Collect$$rtentry$$0000000C  c_w.l(__rtentry2.o)
    0x000003b2   0x000003b2   0x00000008   Code   RO          301    .ARM.Collect$$rtentry$$0000000D  c_w.l(__rtentry2.o)
    0x000003ba   0x000003ba   0x00000002   Code   RO          385    .ARM.Collect$$rtexit$$00000000  c_w.l(rtexit.o)
    0x000003bc   0x000003bc   0x00000000   Code   RO          442    .ARM.Collect$$rtexit$$00000002  c_w.l(rtexit2.o)
    0x000003bc   0x000003bc   0x00000004   Code   RO          443    .ARM.Collect$$rtexit$$00000003  c_w.l(rtexit2.o)
    0x000003c0   0x000003c0   0x00000006   Code   RO          444    .ARM.Collect$$rtexit$$00000004  c_w.l(rtexit2.o)
    0x000003c6   0x000003c6   0x00000002   PAD
    0x000003c8   0x000003c8   0x00000018   Code   RO            1    .text               delay200.o
    0x000003e0   0x000003e0   0x000000ec   Code   RO            6    .text               outstr.o
    0x000004cc   0x000004cc   0x00000014   Code   RO            9    .text               checkpb6.o
    0x000004e0   0x000004e0   0x00000018   Code   RO           12    .text               delay100.o
    0x000004f8   0x000004f8   0x000001b8   Code   RO           15    .text               read.o
    0x000006b0   0x000006b0   0x00000018   Code   RO           18    .text               delay2s.o
    0x000006c8   0x000006c8   0x00000114   Code   RO          137  * .text               startup_tm4c123.o
    0x000007dc   0x000007dc   0x0000002c   Code   RO          157    .text               c_w.l(sprintf.o)
    0x00000808   0x00000808   0x00000044   Code   RO          159    .text               c_w.l(rt_memclr.o)
    0x0000084c   0x0000084c   0x00000006   Code   RO          161    .text               c_w.l(heapauxi.o)
    0x00000852   0x00000852   0x0000004e   Code   RO          188    .text               c_w.l(_printf_pad.o)
    0x000008a0   0x000008a0   0x00000024   Code   RO          190    .text               c_w.l(_printf_truncate.o)
    0x000008c4   0x000008c4   0x00000052   Code   RO          192    .text               c_w.l(_printf_str.o)
    0x00000916   0x00000916   0x00000002   PAD
    0x00000918   0x00000918   0x00000078   Code   RO          194    .text               c_w.l(_printf_dec.o)
    0x00000990   0x00000990   0x00000028   Code   RO          196    .text               c_w.l(_printf_charcount.o)
    0x000009b8   0x000009b8   0x00000030   Code   RO          198    .text               c_w.l(_printf_char_common.o)
    0x000009e8   0x000009e8   0x0000000a   Code   RO          200    .text               c_w.l(_sputc.o)
    0x000009f2   0x000009f2   0x00000002   PAD
    0x000009f4   0x000009f4   0x000000bc   Code   RO          202    .text               c_w.l(_printf_wctomb.o)
    0x00000ab0   0x00000ab0   0x0000007c   Code   RO          205    .text               c_w.l(_printf_longlong_dec.o)
    0x00000b2c   0x00000b2c   0x00000070   Code   RO          211    .text               c_w.l(_printf_oct_int_ll.o)
    0x00000b9c   0x00000b9c   0x00000094   Code   RO          231    .text               c_w.l(_printf_hex_int_ll_ptr.o)
    0x00000c30   0x00000c30   0x00000188   Code   RO          251    .text               c_w.l(__printf_flags_ss_wp.o)
    0x00000db8   0x00000db8   0x0000004e   Code   RO          277    .text               c_w.l(rt_memclr_w.o)
    0x00000e06   0x00000e06   0x0000008a   Code   RO          309    .text               c_w.l(lludiv10.o)
    0x00000e90   0x00000e90   0x000000b2   Code   RO          311    .text               c_w.l(_printf_intcommon.o)
    0x00000f42   0x00000f42   0x0000041c   Code   RO          313    .text               c_w.l(_printf_fp_dec.o)
    0x0000135e   0x0000135e   0x00000002   PAD
    0x00001360   0x00001360   0x000002fc   Code   RO          317    .text               c_w.l(_printf_fp_hex.o)
    0x0000165c   0x0000165c   0x0000002c   Code   RO          322    .text               c_w.l(_printf_char.o)
    0x00001688   0x00001688   0x0000002c   Code   RO          324    .text               c_w.l(_printf_wchar.o)
    0x000016b4   0x000016b4   0x00000048   Code   RO          327    .text               c_w.l(_c16rtomb.o)
    0x000016fc   0x000016fc   0x0000004a   Code   RO          329    .text               c_w.l(sys_stackheap_outer.o)
    0x00001746   0x00001746   0x00000002   PAD
    0x00001748   0x00001748   0x00000010   Code   RO          331    .text               c_w.l(rt_ctype_table.o)
    0x00001758   0x00001758   0x00000008   Code   RO          336    .text               c_w.l(rt_locale_intlibspace.o)
    0x00001760   0x00001760   0x00000080   Code   RO          338    .text               c_w.l(_printf_fp_infnan.o)
    0x000017e0   0x000017e0   0x000000e4   Code   RO          340    .text               c_w.l(bigflt0.o)
    0x000018c4   0x000018c4   0x00000012   Code   RO          370    .text               c_w.l(exit.o)
    0x000018d6   0x000018d6   0x00000002   PAD
    0x000018d8   0x000018d8   0x00000008   Code   RO          382    .text               c_w.l(libspace.o)
    0x000018e0   0x000018e0   0x0000007c   Code   RO          392    .text               c_w.l(strcmpv7em.o)
    0x0000195c   0x0000195c   0x0000000c   Code   RO          454    .text               c_w.l(sys_exit.o)
    0x00001968   0x00001968   0x00000002   Code   RO          469    .text               c_w.l(use_no_semi.o)
    0x0000196a   0x0000196a   0x00000000   Code   RO          471    .text               c_w.l(indicate_semi.o)
    0x0000196a   0x0000196a   0x00000002   PAD
    0x0000196c   0x0000196c   0x0000000e   Code   RO           48    .text.COMP0_Handler  project_step1.o
    0x0000197a   0x0000197a   0x00000002   PAD
    0x0000197c   0x0000197c   0x000000e4   Code   RO           30    .text.Comparator_Init  project_step1.o
    0x00001a60   0x00001a60   0x00000020   Code   RO           38    .text.Delay         project_step1.o
    0x00001a80   0x00001a80   0x00000188   Code   RO           26    .text.GPIO_Init     project_step1.o
    0x00001c08   0x00001c08   0x0000009e   Code   RO          121    .text.I2C_Init      i2c0.o
    0x00001ca6   0x00001ca6   0x00000002   PAD
    0x00001ca8   0x00001ca8   0x00000094   Code   RO          115    .text.I2C_Recv      i2c0.o
    0x00001d3c   0x00001d3c   0x000000ca   Code   RO          123    .text.I2C_Recv2     i2c0.o
    0x00001e06   0x00001e06   0x00000002   PAD
    0x00001e08   0x00001e08   0x0000006c   Code   RO          113    .text.I2C_Send1     i2c0.o
    0x00001e74   0x00001e74   0x000000c2   Code   RO          109    .text.I2C_Send2     i2c0.o
    0x00001f36   0x00001f36   0x00000002   PAD
    0x00001f38   0x00001f38   0x0000007c   Code   RO           44    .text.Measure_PulseWidth  project_step1.o
    0x00001fb4   0x00001fb4   0x00000030   Code   RO           70    .text.Nokia5110_Clear  nokia5110.o
    0x00001fe4   0x00001fe4   0x00000160   Code   RO           64    .text.Nokia5110_Init  nokia5110.o
    0x00002144   0x00002144   0x00000050   Code   RO           80    .text.Nokia5110_OutChar  nokia5110.o
    0x00002194   0x00002194   0x00000024   Code   RO           74    .text.Nokia5110_OutString  nokia5110.o
    0x000021b8   0x000021b8   0x00000228   Code   RO           76    .text.Nokia5110_OutUDec  nokia5110.o
    0x000023e0   0x000023e0   0x0000004c   Code   RO           72    .text.Nokia5110_SetCursor  nokia5110.o
    0x0000242c   0x0000242c   0x00000162   Code   RO           40    .text.Step_Motor    project_step1.o
    0x0000258e   0x0000258e   0x00000002   PAD
    0x00002590   0x00002590   0x00000012   Code   RO          146    .text.SystemInit    system_tm4c123.o
    0x000025a2   0x000025a2   0x00000002   PAD
    0x000025a4   0x000025a4   0x0000000c   Code   RO           46    .text.TIMER0A_Handler  project_step1.o
    0x000025b0   0x000025b0   0x00000086   Code   RO           24    .text.Timer0_Init   project_step1.o
    0x00002636   0x00002636   0x00000002   PAD
    0x00002638   0x00002638   0x0000005c   Code   RO           28    .text.Timer_Init    project_step1.o
    0x00002694   0x00002694   0x0000006e   Code   RO           42    .text.Trigger_TrigPin  project_step1.o
    0x00002702   0x00002702   0x00000002   PAD
    0x00002704   0x00002704   0x00000058   Code   RO          117    .text.compensate_temperature  i2c0.o
    0x0000275c   0x0000275c   0x00000028   Code   RO          107    .text.configure_bmp280  i2c0.o
    0x00002784   0x00002784   0x0000006e   Code   RO           32    .text.configure_pd6_output  project_step1.o
    0x000027f2   0x000027f2   0x00000002   PAD
    0x000027f4   0x000027f4   0x0000006e   Code   RO           36    .text.configure_pd7_output  project_step1.o
    0x00002862   0x00002862   0x00000002   PAD
    0x00002864   0x00002864   0x00000046   Code   RO           34    .text.enter_deepSleep  project_step1.o
    0x000028aa   0x000028aa   0x00000002   PAD
    0x000028ac   0x000028ac   0x0000003a   Code   RO           82    .text.lcddatawrite  nokia5110.o
    0x000028e6   0x000028e6   0x00000002   PAD
    0x000028e8   0x000028e8   0x00000090   Code   RO           66    .text.lcdwrite      nokia5110.o
    0x00002978   0x00002978   0x00000350   Code   RO           78    .text.let_there_be_screen  nokia5110.o
    0x00002cc8   0x00002cc8   0x0000011e   Code   RO          119    .text.let_there_be_temp  i2c0.o
    0x00002de6   0x00002de6   0x00000002   PAD
    0x00002de8   0x00002de8   0x000000a8   Code   RO           68    .text.let_there_be_tt  nokia5110.o
    0x00002e90   0x00002e90   0x00000730   Code   RO           22    .text.main          project_step1.o
    0x000035c0   0x000035c0   0x0000003e   Code   RO          343    CL$$btod_d2e        c_w.l(btod.o)
    0x000035fe   0x000035fe   0x00000046   Code   RO          345    CL$$btod_d2e_denorm_low  c_w.l(btod.o)
    0x00003644   0x00003644   0x00000060   Code   RO          344    CL$$btod_d2e_norm_op1  c_w.l(btod.o)
    0x000036a4   0x000036a4   0x00000338   Code   RO          353    CL$$btod_div_common  c_w.l(btod.o)
    0x000039dc   0x000039dc   0x000000dc   Code   RO          350    CL$$btod_e2e        c_w.l(btod.o)
    0x00003ab8   0x00003ab8   0x0000002a   Code   RO          347    CL$$btod_ediv       c_w.l(btod.o)
    0x00003ae2   0x00003ae2   0x0000002a   Code   RO          346    CL$$btod_emul       c_w.l(btod.o)
    0x00003b0c   0x00003b0c   0x00000244   Code   RO          352    CL$$btod_mult_common  c_w.l(btod.o)
    0x00003d50   0x00003d50   0x00000030   Code   RO          380    i.__ARM_fpclassify  m_wm.l(fpclassify.o)
    0x00003d80   0x00003d80   0x0000000e   Code   RO          244    i._is_digit         c_w.l(__printf_wp.o)
    0x00003d8e   0x00003d8e   0x00000002   PAD
    0x00003d90   0x00003d90   0x0000002c   Code   RO          368    locale$$code        c_w.l(lc_numeric_c.o)
    0x00003dbc   0x00003dbc   0x0000002c   Code   RO          390    locale$$code        c_w.l(lc_ctype_c.o)
    0x00003de8   0x00003de8   0x00000150   Code   RO          165    x$fpl$dadd          fz_wm.l(daddsub_clz.o)
    0x00003f38   0x00003f38   0x0000005e   Code   RO          171    x$fpl$dfix          fz_wm.l(dfix.o)
    0x00003f96   0x00003f96   0x0000002e   Code   RO          176    x$fpl$dflt          fz_wm.l(dflt_clz.o)
    0x00003fc4   0x00003fc4   0x00000154   Code   RO          181    x$fpl$dmul          fz_wm.l(dmul.o)
    0x00004118   0x00004118   0x0000009c   Code   RO          279    x$fpl$dnaninf       fz_wm.l(dnaninf.o)
    0x000041b4   0x000041b4   0x0000000c   Code   RO          281    x$fpl$dretinf       fz_wm.l(dretinf.o)
    0x000041c0   0x000041c0   0x000001dc   Code   RO          167    x$fpl$dsub          fz_wm.l(daddsub_clz.o)
    0x0000439c   0x0000439c   0x00000056   Code   RO          183    x$fpl$f2d           fz_wm.l(f2d.o)
    0x000043f2   0x000043f2   0x0000008c   Code   RO          283    x$fpl$fnaninf       fz_wm.l(fnaninf.o)
    0x0000447e   0x0000447e   0x0000001a   Code   RO          452    x$fpl$fpinit        fz_wm.l(fpinit.o)
    0x00004498   0x00004498   0x00000004   Code   RO          285    x$fpl$printf1       fz_wm.l(printf1.o)
    0x0000449c   0x0000449c   0x00000004   Code   RO          287    x$fpl$printf2       fz_wm.l(printf2.o)
    0x000044a0   0x000044a0   0x00000000   Code   RO          293    x$fpl$usenofp       fz_wm.l(usenofp.o)
    0x000044a0   0x000044a0   0x00000008   Data   RO          203    .constdata          c_w.l(_printf_wctomb.o)
    0x000044a8   0x000044a8   0x00000028   Data   RO          232    .constdata          c_w.l(_printf_hex_int_ll_ptr.o)
    0x000044d0   0x000044d0   0x00000011   Data   RO          252    .constdata          c_w.l(__printf_flags_ss_wp.o)
    0x000044e1   0x000044e1   0x00000026   Data   RO          318    .constdata          c_w.l(_printf_fp_hex.o)
    0x00004507   0x00004507   0x00000001   PAD
    0x00004508   0x00004508   0x00000094   Data   RO          341    .constdata          c_w.l(bigflt0.o)
    0x0000459c   0x0000459c   0x000001e0   Data   RO           97    .rodata.ASCII       nokia5110.o
    0x0000477c   0x0000477c   0x00000055   Data   RO           55    .rodata.str1.1      project_step1.o
    0x000047d1   0x000047d1   0x00000018   Data   RO           96    .rodata.str1.1      nokia5110.o
    0x000047e9   0x000047e9   0x00000003   PAD
    0x000047ec   0x000047ec   0x00000010   Data   RO          527    Region$$Table       anon$$obj.o
    0x000047fc   0x000047fc   0x0000001c   Data   RO          367    locale$$data        c_w.l(lc_numeric_c.o)
    0x00004818   0x00004818   0x00000110   Data   RO          389    locale$$data        c_w.l(lc_ctype_c.o)


    Execution Region ER_RW (Exec base: 0x20000000, Load base: 0x00004928, Size: 0x00000000, Max: 0xffffffff, ABSOLUTE)

    **** No section assigned to this execution region ****


    Execution Region ER_ZI (Exec base: 0x20000000, Load base: 0x00004928, Size: 0x00000468, Max: 0xffffffff, ABSOLUTE)

    Exec Addr    Load Addr    Size         Type   Attr      Idx    E Section Name        Object

    0x20000000        -       0x00000060   Zero   RW          383    .bss                c_w.l(libspace.o)
    0x20000060        -       0x00000001   Zero   RW           50    .bss.button1        project_step1.o
    0x20000061        -       0x00000001   Zero   RW           51    .bss.button2        project_step1.o
    0x20000062        -       0x00000001   Zero   RW           52    .bss.button3        project_step1.o
    0x20000063        -       0x00000001   Zero   RW           53    .bss.button4        project_step1.o
    0x20000064        -       0x00000200   Zero   RW          127    .bss.temperatures   i2c0.o
    0x20000264        -       0x00000004   Zero   RW           54    .bss.threshhold     project_step1.o
    0x20000268        -       0x00000000   Zero   RW          135    HEAP                startup_tm4c123.o
    0x20000268        -       0x00000200   Zero   RW          134    STACK               startup_tm4c123.o


==============================================================================

Image component sizes


      Code (inc. data)   RO Data    RW Data    ZI Data      Debug   Object Name

        20          6          0          0          0        200   checkpb6.o
        24          0          0          0          0        204   delay100.o
        24          0          0          0          0        236   delay200.o
        24          0          0          0          0        200   delay2s.o
      1224          0          0          0        512       3561   i2c0.o
      2362         16        504          0          0       5120   nokia5110.o
       236         54          0          0          0        272   outstr.o
      3622         32         85          0          8      11370   project_step1.o
       440         40          0          0          0        348   read.o
       276         24        620          0        512       5432   startup_tm4c123.o
        18          0          0          0          0       6573   system_tm4c123.o

    ----------------------------------------------------------------------
      8296        172       1228          0       1032      33516   Object Totals
         0          0         16          0          0          0   (incl. Generated)
        26          0          3          0          0          0   (incl. Padding)

    ----------------------------------------------------------------------

      Code (inc. data)   RO Data    RW Data    ZI Data      Debug   Library Member Name

         8          0          0          0          0         68   __main.o
       392          4         17          0          0         92   __printf_flags_ss_wp.o
        14          0          0          0          0         68   __printf_wp.o
         0          0          0          0          0          0   __rtentry.o
        12          0          0          0          0          0   __rtentry2.o
         6          0          0          0          0          0   __rtentry4.o
        94          8          0          0          0          0   __scatter.o
        28          0          0          0          0          0   __scatter_zi.o
        72          0          0          0          0         96   _c16rtomb.o
         6          0          0          0          0          0   _printf_a.o
         6          0          0          0          0          0   _printf_c.o
        44          0          0          0          0        108   _printf_char.o
        48          6          0          0          0         96   _printf_char_common.o
        40          0          0          0          0         68   _printf_charcount.o
         6          0          0          0          0          0   _printf_d.o
       120         16          0          0          0         92   _printf_dec.o
         6          0          0          0          0          0   _printf_e.o
         6          0          0          0          0          0   _printf_f.o
      1052          0          0          0          0        148   _printf_fp_dec.o
       764          8         38          0          0        100   _printf_fp_hex.o
       128         16          0          0          0         84   _printf_fp_infnan.o
         6          0          0          0          0          0   _printf_g.o
       148          4         40          0          0        160   _printf_hex_int_ll_ptr.o
         6          0          0          0          0          0   _printf_i.o
       178          0          0          0          0         88   _printf_intcommon.o
        10          0          0          0          0          0   _printf_l.o
         6          0          0          0          0          0   _printf_lc.o
        10          0          0          0          0          0   _printf_ll.o
         6          0          0          0          0          0   _printf_lld.o
         6          0          0          0          0          0   _printf_lli.o
         6          0          0          0          0          0   _printf_llo.o
         6          0          0          0          0          0   _printf_llu.o
         6          0          0          0          0          0   _printf_llx.o
       124         16          0          0          0         92   _printf_longlong_dec.o
         6          0          0          0          0          0   _printf_ls.o
         6          0          0          0          0          0   _printf_n.o
         6          0          0          0          0          0   _printf_o.o
       112          8          0          0          0        124   _printf_oct_int_ll.o
         6          0          0          0          0          0   _printf_p.o
        78          0          0          0          0        108   _printf_pad.o
         0          0          0          0          0          0   _printf_percent.o
         4          0          0          0          0          0   _printf_percent_end.o
         6          0          0          0          0          0   _printf_s.o
        82          0          0          0          0         80   _printf_str.o
        36          0          0          0          0         84   _printf_truncate.o
         6          0          0          0          0          0   _printf_u.o
        44          0          0          0          0        108   _printf_wchar.o
       188          6          8          0          0         92   _printf_wctomb.o
         6          0          0          0          0          0   _printf_x.o
        10          0          0          0          0         68   _sputc.o
       228          4        148          0          0         96   bigflt0.o
      1936        128          0          0          0        668   btod.o
        18          0          0          0          0         80   exit.o
         6          0          0          0          0        152   heapauxi.o
         0          0          0          0          0          0   indicate_semi.o
        44         10        272          0          0         76   lc_ctype_c.o
        44         10         28          0          0         76   lc_numeric_c.o
         2          0          0          0          0          0   libinit.o
        34          0          0          0          0          0   libinit2.o
         2          0          0          0          0          0   libshutdown.o
         2          0          0          0          0          0   libshutdown2.o
         8          4          0          0         96         68   libspace.o
       138          0          0          0          0         80   lludiv10.o
        16          4          0          0          0         76   rt_ctype_table.o
         8          4          0          0          0         68   rt_locale_intlibspace.o
        68          0          0          0          0         68   rt_memclr.o
        78          0          0          0          0         80   rt_memclr_w.o
         2          0          0          0          0          0   rtexit.o
        10          0          0          0          0          0   rtexit2.o
        44          6          0          0          0         84   sprintf.o
       124          0          0          0          0         88   strcmpv7em.o
        12          4          0          0          0         68   sys_exit.o
        74          0          0          0          0         80   sys_stackheap_outer.o
         2          0          0          0          0         68   use_no_semi.o
       812         16          0          0          0        392   daddsub_clz.o
        94          4          0          0          0        140   dfix.o
        46          0          0          0          0        116   dflt_clz.o
       340         12          0          0          0        152   dmul.o
       156          4          0          0          0        140   dnaninf.o
        12          0          0          0          0        116   dretinf.o
        86          4          0          0          0        132   f2d.o
       140          4          0          0          0        132   fnaninf.o
        26          0          0          0          0        116   fpinit.o
         4          0          0          0          0        116   printf1.o
         4          0          0          0          0        116   printf2.o
         0          0          0          0          0          0   usenofp.o
        48          0          0          0          0        124   fpclassify.o

    ----------------------------------------------------------------------
      8652        310        552          0         96       5792   Library Totals
        18          0          1          0          0          0   (incl. Padding)

    ----------------------------------------------------------------------

      Code (inc. data)   RO Data    RW Data    ZI Data      Debug   Library Name

      6866        266        551          0         96       4000   c_w.l
      1720         44          0          0          0       1668   fz_wm.l
        48          0          0          0          0        124   m_wm.l

    ----------------------------------------------------------------------
      8652        310        552          0         96       5792   Library Totals

    ----------------------------------------------------------------------

==============================================================================


      Code (inc. data)   RO Data    RW Data    ZI Data      Debug   

     16948        482       1780          0       1128      36016   Grand Totals
     16948        482       1780          0       1128      36016   ELF Image Totals
     16948        482       1780          0          0          0   ROM Totals

==============================================================================

    Total RO  Size (Code + RO Data)                18728 (  18.29kB)
    Total RW  Size (RW Data + ZI Data)              1128 (   1.10kB)
    Total ROM Size (Code + RO Data + RW Data)      18728 (  18.29kB)

==============================================================================

